// Jest Snapshot v1, https://goo.gl/fbAQLP

exports[`should render and match the snapshot 1`] = `
<div
  class="comment-form-container"
>
  <form
    class="comment-form"
  >
    <label
      class="comment-label"
      for="comment-area"
    >
      Dodaj komentarz
    </label>
    <textarea
      class="comment-text-area"
      data-testid="comment-area"
      id="comment-area"
      maxlength="2000"
      name="content"
      placeholder="Wpisz tresc komentarza"
    />
    <button
      class="comment-button"
      type="submit"
    >
      Dodaj komentarz
    </button>
  </form>
</div>
`;
