// Jest Snapshot v1, https://goo.gl/fbAQLP

exports[`should render and match the snapshot 1`] = `
<section
  class="comments-container"
>
  <div
    class="comment-form-container"
  >
    <form
      class="comment-form"
    >
      <label
        class="comment-label"
        for="comment-area"
      >
        Dodaj komentarz
      </label>
      <textarea
        class="comment-text-area"
        data-testid="comment-area"
        id="comment-area"
        maxlength="2000"
        name="content"
        placeholder="Wpisz tresc komentarza"
      />
      <button
        class="comment-button"
        type="submit"
      >
        Dodaj komentarz
      </button>
    </form>
  </div>
  <div>
    <ol
      class="comments-list"
    >
      <li
        class="comment-body"
      >
        <article
          class="comment-article"
        >
          <footer
            class="comment-title"
          >
            <div
              class="comment-author"
            >
              test
            </div>
            <div
              class="comment-data"
            >
              test
            </div>
          </footer>
          <div
            class="comment-content"
          >
            <p>
              test
            </p>
          </div>
          <div
            class="comment-edit"
          >
            <div
              class="comment-edit--button"
            >
              Edytuj
            </div>
            <div
              class="comment-edit--button"
              role="remove-comment-button"
            >
              Usuń
            </div>
          </div>
        </article>
      </li>
    </ol>
    <ol
      class="comments-list"
    >
      <li
        class="comment-body"
      >
        <article
          class="comment-article"
        >
          <footer
            class="comment-title"
          >
            <div
              class="comment-author"
            >
              test
            </div>
            <div
              class="comment-data"
            >
              test
            </div>
          </footer>
          <div
            class="comment-content"
          >
            <p>
              test
            </p>
          </div>
          <div
            class="comment-edit"
          >
            <div
              class="comment-edit--button"
            >
              Edytuj
            </div>
            <div
              class="comment-edit--button"
              role="remove-comment-button"
            >
              Usuń
            </div>
          </div>
        </article>
      </li>
    </ol>
  </div>
</section>
`;
