// Jest Snapshot v1, https://goo.gl/fbAQLP

exports[`RecipeContainer 1`] = `
.c0 {
  display: -webkit-box;
  display: -webkit-flex;
  display: -ms-flexbox;
  display: flex;
  -webkit-flex-direction: row;
  -ms-flex-direction: row;
  flex-direction: row;
  margin-bottom: 3vw;
  color: #5D001E;
}

@media (max-width:768px) {
  .c0 {
    -webkit-box-pack: center;
    -webkit-justify-content: center;
    -ms-flex-pack: center;
    justify-content: center;
  }
}

<div
  className="c0"
/>
`;
