// Jest Snapshot v1, https://goo.gl/fbAQLP

exports[`HomePage saga should dispatch the loadRecipesSuccess action if it gets the data successfully 1`] = `
Object {
  "@@redux-saga/IO": true,
  "combinator": false,
  "payload": Object {
    "args": Array [
      1,
    ],
    "context": null,
    "fn": [Function],
  },
  "type": "CALL",
}
`;
